2026-04-06 17:09:20        : (foo) Starting backup
2026-04-06 17:09:20 [ERROR]: (foo) Job contained no valid objects: /f/.backup/programming/bash/backup/foo.backup
2026-04-06 17:09:20 [ERROR]: (foo) No valid objects exist
